Microchip MPLAB XC8 Compiler V2.35

Linker command line:

-W-3 --edf=C:\Program Files\Microchip\xc8\v2.35\pic\dat\en_msgs.txt -cn \
  -h+dist/default/production\Proyecto1_slave_d2.X.production.sym \
  --cmf=dist/default/production\Proyecto1_slave_d2.X.production.cmf -z \
  -Q16F887 -oC:\Users\Josea\AppData\Local\Temp\xcAsjbs.4 \
  --defsym=__MPLAB_BUILD=1 \
  -Mdist/default/production/Proyecto1_slave_d2.X.production.map \
  --md=C:\Users\Josea\AppData\Local\Temp\xcAsjbs.dat -E1 -ver=XC8 Compiler \
  --acfsm=1493 -ACODE=00h-07FFhx4 -ASTRCODE=00h-01FFFh -ASTRING=00h-0FFhx32 \
  -ACONST=00h-0FFhx32 -AENTRY=00h-0FFhx32 -ACOMMON=070h-07Fh \
  -ABANK0=020h-06Fh -ABANK1=0A0h-0EFh -ABANK2=0110h-016Fh \
  -ABANK3=0190h-01EFh -ARAM=020h-06Fh,0A0h-0EFh,0110h-016Fh,0190h-01EFh \
  -AABS1=020h-07Fh,0A0h-0EFh,0110h-016Fh,0190h-01EFh -ASFR0=00h-01Fh \
  -ASFR1=080h-09Fh -ASFR2=0100h-010Fh -ASFR3=0180h-018Fh \
  -ACONFIG=02007h-02008h -DCONFIG=2 -AIDLOC=02000h-02003h -DIDLOC=2 \
  -AEEDATA=00h-0FFh/02100h -peeprom_data=EEDATA -DEEDATA=2 -DCODE=2 \
  -DSTRCODE=2 -DSTRING=2 -DCONST=2 -DENTRY=2 \
  -preset_vec=00h,intentry=04h,init,end_init -ppowerup=CODE -pcinit=CODE \
  -pfunctab=ENTRY -k C:\Users\Josea\AppData\Local\Temp\xcAsjbs.o \
  dist/default/production\Proyecto1_slave_d2.X.production.o 

Object code version is 3.11

Machine type is 16F887



                Name                               Link     Load   Length Selector   Space Scale
C:\Users\Josea\AppData\Local\Temp\xcAsjbs.o
                end_init                              C        C        3        8       0
                reset_vec                             0        0        3        0       0
                config                             2007     2007        2        0       4
                idloc                              2000     2000        4        0       5
dist/default/production\Proyecto1_slave_d2.X.production.o
                cinit                                 F        F        A        8       0
                intentry                              4        4        8        8       0
                config                             2007     2007        2        0       4
                idloc                              2000     2000        4        0       5
                text7                                C7       C7        7        8       0
                text6                                95       95        D        8       0
                text5                                67       67       2E        8       0
                text4                                BE       BE        9        8       0
                text3                                B5       B5        9        8       0
                text2                                AC       AC        9        8       0
                text1                                A2       A2        A        8       0
                maintext                             19       19       4E        8       0
                cstackBANK0                          20       20        3       20       1
                cstackCOMMON                         70       70        8       70       1
                bssBANK0                             23       23        1       20       1
                bssCOMMON                            78       78        3       70       1

TOTAL           Name                               Link     Load   Length     Space
        CLASS   CODE           
                end_init                              C        C        3         0
                cinit                                 F        F        A         0
                intentry                              4        4        8         0
                reset_vec                             0        0        3         0
                text7                                C7       C7        7         0
                text6                                95       95        D         0
                text5                                67       67       2E         0
                text4                                BE       BE        9         0
                text3                                B5       B5        9         0
                text2                                AC       AC        9         0
                text1                                A2       A2        A         0
                maintext                             19       19       4E         0

        CLASS   STRCODE        

        CLASS   STRING         

        CLASS   CONST          

        CLASS   ENTRY          

        CLASS   COMMON         
                cstackCOMMON                         70       70        8         1
                bssCOMMON                            78       78        3         1

        CLASS   BANK0          
                cstackBANK0                          20       20        3         1
                bssBANK0                             23       23        1         1

        CLASS   BANK1          

        CLASS   BANK2          

        CLASS   BANK3          

        CLASS   RAM            

        CLASS   ABS1           
                abs_s1                               7E       7E        2         1

        CLASS   SFR0           

        CLASS   SFR1           

        CLASS   SFR2           

        CLASS   SFR3           

        CLASS   CONFIG         
                config                             2007     2007        2         4

        CLASS   IDLOC          
                idloc                              2000     2000        4         5

        CLASS   EEDATA         

        CLASS   STACK          



SEGMENTS        Name                           Load    Length   Top    Selector   Space  Class     Delta

                reset_vec                      000000  000003  000003         0       0  CODE        2
                intentry                       000004  0000CA  0000CE         8       0  CODE        2
                cstackBANK0                    000020  000004  000024        20       1  BANK0       1
                cstackCOMMON                   000070  00000B  00007B        70       1  COMMON      1


UNUSED ADDRESS RANGES

        Name                Unused          Largest block    Delta
        BANK0            0024-006F             4C           1
        BANK1            00A0-00EF             50           1
        BANK2            0110-016F             60           1
        BANK3            0190-01EF             60           1
        CODE             0003-0003              1           2
                         00CE-1FFF            800
        COMMON           007B-007D              3           1
        CONST            0003-0003              1           2
                         00CE-1FFF            100
        EEDATA           2100-21FF            100           2
        ENTRY            0003-0003              1           2
                         00CE-1FFF            100
        RAM              0024-006F             4C           1
                         00A0-00EF             50
                         0110-016F             60
                         0190-01EF             60
        SFR0             0000-001F             20           1
        SFR1             0080-009F             20           1
        SFR2             0100-010F             10           1
        SFR3             0180-018F             10           1
        STRCODE          0003-0003              1           2
                         00CE-1FFF           1F32
        STRING           0003-0003              1           2
                         00CE-1FFF            100

                                  Symbol Table

?_I2C_Master_Read                 cstackCOMMON 0072
I2C_Master_Read@a                 cstackCOMMON 0072
I2C_Master_Read@temp              cstackCOMMON 0076
I2C_Master_Write@d                cstackCOMMON 0072
_GIE                              (abs)        005F
_I2C_Master_Read                  text5        0067
_I2C_Master_RepeatedStart         text4        00BE
_I2C_Master_Start                 text3        00B5
_I2C_Master_Stop                  text2        00AC
_I2C_Master_Wait                  text6        0095
_I2C_Master_Write                 text1        00A2
_INTCONbits                       (abs)        000B
_OPTION_REGbits                   (abs)        0081
_OSCCONbits                       (abs)        008F
_PEIE                             (abs)        005E
_PIE1bits                         (abs)        008C
_PORTD                            (abs)        0008
_SSPADD                           (abs)        0093
_SSPBUF                           (abs)        0013
_SSPCON                           (abs)        0014
_SSPCON2                          (abs)        0091
_SSPCON2bits                      (abs)        0091
_SSPIE                            (abs)        0463
_SSPIF                            (abs)        0063
_SSPSTAT                          (abs)        0094
_TMR0                             (abs)        0001
_TRISC3                           (abs)        043B
_TRISC4                           (abs)        043C
_TRISCbits                        (abs)        0087
_TRISD                            (abs)        0088
__Habs1                           abs1         0000
__Hbank0                          bank0        0000
__Hbank1                          bank1        0000
__Hbank2                          bank2        0000
__Hbank3                          bank3        0000
__HbssBANK0                       bssBANK0     0000
__HbssCOMMON                      bssCOMMON    0000
__Hcinit                          cinit        0019
__Hclrtext                        clrtext      0000
__Hcode                           code         0000
__Hcommon                         common       0000
__Hconfig                         config       2009
__HcstackBANK0                    cstackBANK0  0000
__HcstackCOMMON                   cstackCOMMON 0000
__Heeprom_data                    eeprom_data  0000
__Hend_init                       end_init     000F
__Hfunctab                        functab      0000
__Hidloc                          idloc        2004
__Hinit                           init         000C
__Hintentry                       intentry     000C
__Hmaintext                       maintext     0000
__Hpowerup                        powerup      0000
__Hram                            ram          0000
__Hreset_vec                      reset_vec    0003
__Hsfr0                           sfr0         0000
__Hsfr1                           sfr1         0000
__Hsfr2                           sfr2         0000
__Hsfr3                           sfr3         0000
__Hspace_0                        (abs)        00CE
__Hspace_1                        (abs)        007B
__Hspace_2                        (abs)        0000
__Hspace_3                        (abs)        0000
__Hspace_4                        (abs)        4010
__Hstack                          stack        0000
__Hstrings                        strings      0000
__Htext                           text         0000
__Labs1                           abs1         0000
__Lbank0                          bank0        0000
__Lbank1                          bank1        0000
__Lbank2                          bank2        0000
__Lbank3                          bank3        0000
__LbssBANK0                       bssBANK0     0000
__LbssCOMMON                      bssCOMMON    0000
__Lcinit                          cinit        000F
__Lclrtext                        clrtext      0000
__Lcode                           code         0000
__Lcommon                         common       0000
__Lconfig                         config       0000
__LcstackBANK0                    cstackBANK0  0000
__LcstackCOMMON                   cstackCOMMON 0000
__Leeprom_data                    eeprom_data  0000
__Lend_init                       end_init     000C
__Lfunctab                        functab      0000
__Lidloc                          idloc        0000
__Linit                           init         000C
__Lintentry                       intentry     0004
__Lmaintext                       maintext     0000
__Lpowerup                        powerup      0000
__Lram                            ram          0000
__Lreset_vec                      reset_vec    0000
__Lsfr0                           sfr0         0000
__Lsfr1                           sfr1         0000
__Lsfr2                           sfr2         0000
__Lsfr3                           sfr3         0000
__Lspace_0                        (abs)        0000
__Lspace_1                        (abs)        0000
__Lspace_2                        (abs)        0000
__Lspace_3                        (abs)        0000
__Lspace_4                        (abs)        0000
__Lstack                          stack        0000
__Lstrings                        strings      0000
__Ltext                           text         0000
__S0                              (abs)        00CE
__S1                              (abs)        007B
__S3                              (abs)        0000
___int_sp                         stack        0000
___latbits                        (abs)        0002
___sp                             stack        0000
___stackhi                        (abs)        0000
___stacklo                        (abs)        0000
__end_of_I2C_Master_Read          text5        0095
__end_of_I2C_Master_RepeatedStart text4        00C7
__end_of_I2C_Master_Start         text3        00BE
__end_of_I2C_Master_Stop          text2        00B5
__end_of_I2C_Master_Wait          text6        00A2
__end_of_I2C_Master_Write         text1        00AC
__end_of__initialization          cinit        0015
__end_of_isr                      text7        00CE
__end_of_main                     maintext     0067
__initialization                  cinit        000F
__pbssBANK0                       bssBANK0     0023
__pbssCOMMON                      bssCOMMON    0078
__pcstackBANK0                    cstackBANK0  0020
__pcstackCOMMON                   cstackCOMMON 0070
__pintentry                       intentry     0004
__pmaintext                       maintext     0019
__ptext1                          text1        00A2
__ptext2                          text2        00AC
__ptext3                          text3        00B5
__ptext4                          text4        00BE
__ptext5                          text5        0067
__ptext6                          text6        0095
__ptext7                          text7        00C7
_isr                              text7        00C7
_main                             maintext     0019
_segundos                         bssCOMMON    0078
btemp                             (abs)        007E
end_of_initialization             cinit        0015
interrupt_function                intentry     0004
intlevel0                         functab      0000
intlevel1                         functab      0000
intlevel2                         functab      0000
intlevel3                         functab      0000
intlevel4                         functab      0000
intlevel5                         functab      0000
reset_vec                         reset_vec    0000
saved_w                           (abs)        007E
start                             init         000C
start_initialization              cinit        000F
wtemp0                            (abs)        007E


MODULE INFORMATION

Module		Function		Class		Link	Load	Size
main_slaveP1D2.c
		_main          		CODE           	0019	0000	78
		_isr           		CODE           	00C7	0000	7

main_slaveP1D2.c estimated size: 85

I2C.c
		_I2C_Master_Read		CODE           	0067	0000	46
		_I2C_Master_Wait		CODE           	0095	0000	13
		_I2C_Master_Stop		CODE           	00AC	0000	9
		_I2C_Master_RepeatedStart		CODE           	00BE	0000	9
		_I2C_Master_Write		CODE           	00A2	0000	10
		_I2C_Master_Start		CODE           	00B5	0000	9

I2C.c estimated size: 96

shared
		__initialization		CODE           	000F	0000	6

shared estimated size: 6

